05:39:33 **** Incremental Build of configuration Debug for project stm32_workspace ****
make -j12 all 
arm-none-eabi-gcc "../Core/Src/main.c" -mcpu=cortex-m4 -std=gnu11 -g3 -DDEBUG -DUSE_HAL_DRIVER -DSTM32F411xE -c -I../Core/Inc -I../Drivers/STM32F4xx_HAL_Driver/Inc -I../Drivers/STM32F4xx_HAL_Driver/Inc/Legacy -I../Drivers/CMSIS/Device/ST/STM32F4xx/Include -I../Drivers/CMSIS/Include -O0 -ffunction-sections -fdata-sections -Wall -fstack-usage -fcyclomatic-complexity -MMD -MP -MF"Core/Src/main.d" -MT"Core/Src/main.o" --specs=nano.specs -mfpu=fpv4-sp-d16 -mfloat-abi=hard -mthumb -o "Core/Src/main.o"
arm-none-eabi-gcc -o "stm32_workspace.elf" @"objects.list"   -mcpu=cortex-m4 -T"C:\Users\jibri\OneDrive\Desktop\code\projects\smart-fan-controller\node1_stm32_main\STM32F411RETX_FLASH.ld" --specs=nosys.specs -Wl,-Map="stm32_workspace.map" -Wl,--gc-sections -static --specs=nano.specs -mfpu=fpv4-sp-d16 -mfloat-abi=hard -mthumb -Wl,--start-group -lc -lm -Wl,--end-group
Finished building target: stm32_workspace.elf
 
arm-none-eabi-size  stm32_workspace.elf 
arm-none-eabi-objdump -h -S stm32_workspace.elf  > "stm32_workspace.list"
   text	   data	    bss	    dec	    hex	filename
   7712	     12	   1644	   9368	   2498	stm32_workspace.elf
Finished building: default.size.stdout
 
Finished building: stm32_workspace.list
 

05:39:35 Build Finished. 0 errors, 0 warnings. (took 2s.831ms)

